[LOAD] Loading metadata from ./out_index...
[HITS] Loaded HITS scores for 52347 documents
[PageRank] Loaded PageRank scores for 52347 documents
[OK] Loaded index with 53792 docs, 17849584 terms
[INFO] Using 100 chunked index files for fast lookup
Loading search engine...
Search engine ready!
 * Serving Flask app 'app'
 * Debug mode: on
WARNING: This is a development server. Do not use it in a production deployment. Use a production WSGI server instead.
 * Running on http://127.0.0.1:5000
Press CTRL+C to quit
 * Restarting with stat
[LOAD] Loading metadata from ./out_index...
[HITS] Loaded HITS scores for 52347 documents
[PageRank] Loaded PageRank scores for 52347 documents
[OK] Loaded index with 53792 docs, 17849584 terms
[INFO] Using 100 chunked index files for fast lookup
 * Debugger is active!
 * Debugger PIN: 148-024-323
Loading search engine...
Search engine ready!
